
D:\Machine Learning\RITScrum>cd Git

D:\Machine Learning\RITScrum\Git>git clone https://github.com/sakshiphase/DemoApp.git
Cloning into 'DemoApp'...
warning: You appear to have cloned an empty repository.

D:\Machine Learning\RITScrum\Git>got status
'got' is not recognized as an internal or external command,
operable program or batch file.

D:\Machine Learning\RITScrum\Git>git status
fatal: not a git repository (or any of the parent directories): .git

D:\Machine Learning\RITScrum\Git>cd DemoApp

D:\Machine Learning\RITScrum\Git\DemoApp>git status
On branch master

No commits yet

Untracked files:
  (use "git add <file>..." to include in what will be committed)

        Project1.txt.txt

nothing added to commit but untracked files present (use "git add" to track)

D:\Machine Learning\RITScrum\Git\DemoApp>git add Project1.txt
fatal: pathspec 'Project1.txt' did not match any files

D:\Machine Learning\RITScrum\Git\DemoApp>git add Project1.txt.txt

D:\Machine Learning\RITScrum\Git\DemoApp>git add P1.txt

D:\Machine Learning\RITScrum\Git\DemoApp>git status
On branch master

No commits yet

Changes to be committed:
  (use "git rm --cached <file>..." to unstage)

        new file:   P1.txt
        new file:   Project1.txt.txt

Changes not staged for commit:
  (use "git add/rm <file>..." to update what will be committed)
  (use "git checkout -- <file>..." to discard changes in working directory)

        deleted:    Project1.txt.txt


D:\Machine Learning\RITScrum\Git\DemoApp>git commit -m "First File"

*** Please tell me who you are.

Run

  git config --global user.email "you@example.com"
  git config --global user.name "Your Name"

to set your account's default identity.
Omit --global to set the identity only in this repository.

fatal: unable to auto-detect email address (got 'Chhoti@DESKTOP-IJDK5P5.(none)')

D:\Machine Learning\RITScrum\Git\DemoApp>git status
On branch master

No commits yet

Changes to be committed:
  (use "git rm --cached <file>..." to unstage)

        new file:   P1.txt
        new file:   Project1.txt.txt

Changes not staged for commit:
  (use "git add/rm <file>..." to update what will be committed)
  (use "git checkout -- <file>..." to discard changes in working directory)

        deleted:    Project1.txt.txt


D:\Machine Learning\RITScrum\Git\DemoApp>git commit -m "First File"

*** Please tell me who you are.

Run

  git config --global user.email "you@example.com"
  git config --global user.name "Your Name"

to set your account's default identity.
Omit --global to set the identity only in this repository.

fatal: unable to auto-detect email address (got 'Chhoti@DESKTOP-IJDK5P5.(none)')

D:\Machine Learning\RITScrum\Git\DemoApp>git config --global user.email "sakshiphase@gmail.com"

D:\Machine Learning\RITScrum\Git\DemoApp>git commit -m "First File"
[master (root-commit) 15c9a0c] First File
 2 files changed, 1 insertion(+)
 create mode 100644 P1.txt
 create mode 100644 Project1.txt.txt

D:\Machine Learning\RITScrum\Git\DemoApp>git status
On branch master
Your branch is based on 'origin/master', but the upstream is gone.
  (use "git branch --unset-upstream" to fixup)

Changes not staged for commit:
  (use "git add/rm <file>..." to update what will be committed)
  (use "git checkout -- <file>..." to discard changes in working directory)

        deleted:    Project1.txt.txt

no changes added to commit (use "git add" and/or "git commit -a")

D:\Machine Learning\RITScrum\Git\DemoApp>git commit -m "First File"
On branch master
Your branch is based on 'origin/master', but the upstream is gone.
  (use "git branch --unset-upstream" to fixup)

Changes not staged for commit:
        modified:   P1.txt
        deleted:    Project1.txt.txt

no changes added to commit

D:\Machine Learning\RITScrum\Git\DemoApp>git add P1.txt

D:\Machine Learning\RITScrum\Git\DemoApp>git commit -m "First File"
[master 68b0956] First File
 1 file changed, 2 insertions(+)

D:\Machine Learning\RITScrum\Git\DemoApp>git status
On branch master
Your branch is based on 'origin/master', but the upstream is gone.
  (use "git branch --unset-upstream" to fixup)

Changes not staged for commit:
  (use "git add/rm <file>..." to update what will be committed)
  (use "git checkout -- <file>..." to discard changes in working directory)

        deleted:    Project1.txt.txt

no changes added to commit (use "git add" and/or "git commit -a")

D:\Machine Learning\RITScrum\Git\DemoApp>git status
On branch master
Your branch is based on 'origin/master', but the upstream is gone.
  (use "git branch --unset-upstream" to fixup)

Changes not staged for commit:
  (use "git add/rm <file>..." to update what will be committed)
  (use "git checkout -- <file>..." to discard changes in working directory)

        deleted:    Project1.txt.txt

Untracked files:
  (use "git add <file>..." to include in what will be committed)

        P2.txt

no changes added to commit (use "git add" and/or "git commit -a")

D:\Machine Learning\RITScrum\Git\DemoApp>git commit -m "second File"
On branch master
Your branch is based on 'origin/master', but the upstream is gone.
  (use "git branch --unset-upstream" to fixup)

Changes not staged for commit:
        deleted:    Project1.txt.txt

Untracked files:
        P2.txt

no changes added to commit

D:\Machine Learning\RITScrum\Git\DemoApp>git push origin master
Enumerating objects: 7, done.
Counting objects: 100% (7/7), done.
Delta compression using up to 4 threads
Compressing objects: 100% (4/4), done.
Writing objects: 100% (7/7), 499 bytes | 166.00 KiB/s, done.
Total 7 (delta 0), reused 0 (delta 0)
To https://github.com/sakshiphase/DemoApp.git
 * [new branch]      master -> master

D:\Machine Learning\RITScrum\Git\DemoApp>
